// Vitest Snapshot v1, https://vitest.dev/guide/snapshot.html

exports[`withValidation > should return function 1`] = `[Function]`;

exports[`withValidations > should return function 1`] = `[Function]`;
