// Vitest Snapshot v1, https://vitest.dev/guide/snapshot.html

exports[`FastestValidator Validation > should create resolve base on schema 1`] = `
{
  "validate": [Function],
}
`;

exports[`FastestValidator Validation > should return false 1`] = `[Error: Validation failed]`;

exports[`Yoi Validation > should return false 1`] = `[ValidationError: "email" is required]`;

exports[`Yup Validation > should create yup resolve base on schema 1`] = `
{
  "validate": [Function],
}
`;

exports[`Yup Validation > should return false 1`] = `[ValidationError: age is a required field]`;

exports[`Zod Validation > should return false 1`] = `
[ZodError: [
  {
    "code": "too_small",
    "minimum": 8,
    "type": "string",
    "inclusive": true,
    "exact": false,
    "message": "String must contain at least 8 character(s)",
    "path": [
      "username"
    ]
  }
]]
`;
